#-----------------------------------------------------------
# Vivado v2018.3 (64-bit)
# SW Build 2405991 on Thu Dec  6 23:38:27 MST 2018
# IP Build 2404404 on Fri Dec  7 01:43:56 MST 2018
# Start of session at: Sun May  5 17:04:51 2019
# Process ID: 75248
# Current directory: D:/zybo-z10_workspace/project_8
# Command line: vivado.exe -gui_launcher_event rodinguilauncherevent46516 D:\zybo-z10_workspace\project_8\project_8.xpr
# Log file: D:/zybo-z10_workspace/project_8/vivado.log
# Journal file: D:/zybo-z10_workspace/project_8\vivado.jou
#-----------------------------------------------------------
start_gui
open_project D:/zybo-z10_workspace/project_8/project_8.xpr
update_compile_order -fileset sources_1
open_bd_design {D:/zybo-z10_workspace/project_8/project_8.srcs/sources_1/bd/design_1/design_1.bd}
delete_bd_objs [get_bd_ports sys_clock]
save_bd_design
generate_target all [get_files D:/zybo-z10_workspace/project_8/project_8.srcs/sources_1/bd/design_1/design_1.bd]
create_ip_run [get_files -of_objects [get_fileset sources_1] D:/zybo-z10_workspace/project_8/project_8.srcs/sources_1/bd/design_1/design_1.bd]
synth_design -rtl -name rtl_1
reset_run synth_1
launch_runs synth_1 -jobs 4
wait_on_run synth_1
launch_runs impl_1 -jobs 4
wait_on_run impl_1
launch_runs impl_1 -to_step write_bitstream -jobs 4
wait_on_run impl_1
open_hw
connect_hw_server
open_hw_target
set_property PROGRAM.FILE {D:/zybo-z10_workspace/project_8/project_8.runs/impl_1/design_1_wrapper.bit} [get_hw_devices xc7z010_1]
current_hw_device [get_hw_devices xc7z010_1]
refresh_hw_device -update_hw_probes false [lindex [get_hw_devices xc7z010_1] 0]
set_property PROBES.FILE {} [get_hw_devices xc7z010_1]
set_property FULL_PROBES.FILE {} [get_hw_devices xc7z010_1]
set_property PROGRAM.FILE {D:/zybo-z10_workspace/project_8/project_8.runs/impl_1/design_1_wrapper.bit} [get_hw_devices xc7z010_1]
program_hw_devices [get_hw_devices xc7z010_1]
refresh_hw_device [lindex [get_hw_devices xc7z010_1] 0]
open_bd_design {D:/zybo-z10_workspace/project_8/project_8.srcs/sources_1/bd/design_1/design_1.bd}
startgroup
make_bd_pins_external  [get_bd_pins deneme23_0/led]
endgroup
set_property name led [get_bd_ports led_0]
validate_bd_design
generate_target all [get_files D:/zybo-z10_workspace/project_8/project_8.srcs/sources_1/bd/design_1/design_1.bd]
create_ip_run [get_files -of_objects [get_fileset sources_1] D:/zybo-z10_workspace/project_8/project_8.srcs/sources_1/bd/design_1/design_1.bd]
refresh_design
reset_run synth_1
launch_runs synth_1 -jobs 4
wait_on_run synth_1
launch_runs impl_1 -jobs 4
wait_on_run impl_1
launch_runs impl_1 -to_step write_bitstream -jobs 4
wait_on_run impl_1
close_design
open_run synth_1 -name synth_1
open_bd_design {D:/zybo-z10_workspace/project_8/project_8.srcs/sources_1/bd/design_1/design_1.bd}
update_module_reference design_1_deneme23_0_0
generate_target all [get_files D:/zybo-z10_workspace/project_8/project_8.srcs/sources_1/bd/design_1/design_1.bd]
create_ip_run [get_files -of_objects [get_fileset sources_1] D:/zybo-z10_workspace/project_8/project_8.srcs/sources_1/bd/design_1/design_1.bd]
launch_runs design_1_deneme23_0_0_synth_1
wait_on_run design_1_deneme23_0_0_synth_1
synth_design -rtl -name rtl_1
open_bd_design {D:/zybo-z10_workspace/project_8/project_8.srcs/sources_1/bd/design_1/design_1.bd}
delete_bd_objs [get_bd_nets deneme23_0_led]
delete_bd_objs [get_bd_ports led]
save_bd_design
startgroup
make_bd_pins_external  [get_bd_pins deneme23_0/led]
endgroup
validate_bd_design
make_wrapper -files [get_files D:/zybo-z10_workspace/project_8/project_8.srcs/sources_1/bd/design_1/design_1.bd] -top
generate_target all [get_files D:/zybo-z10_workspace/project_8/project_8.srcs/sources_1/bd/design_1/design_1.bd]
create_ip_run [get_files -of_objects [get_fileset sources_1] D:/zybo-z10_workspace/project_8/project_8.srcs/sources_1/bd/design_1/design_1.bd]
refresh_design
open_bd_design {D:/zybo-z10_workspace/project_8/project_8.srcs/sources_1/bd/design_1/design_1.bd}
set_property name led [get_bd_ports led_0]
generate_target all [get_files D:/zybo-z10_workspace/project_8/project_8.srcs/sources_1/bd/design_1/design_1.bd]
create_ip_run [get_files -of_objects [get_fileset sources_1] D:/zybo-z10_workspace/project_8/project_8.srcs/sources_1/bd/design_1/design_1.bd]
refresh_design
reset_run synth_1
launch_runs synth_1 -jobs 4
wait_on_run synth_1
launch_runs impl_1 -jobs 4
wait_on_run impl_1
launch_runs impl_1 -to_step write_bitstream -jobs 4
wait_on_run impl_1
set_property PROBES.FILE {} [get_hw_devices xc7z010_1]
set_property FULL_PROBES.FILE {} [get_hw_devices xc7z010_1]
set_property PROGRAM.FILE {D:/zybo-z10_workspace/project_8/project_8.runs/impl_1/design_1_wrapper.bit} [get_hw_devices xc7z010_1]
program_hw_devices [get_hw_devices xc7z010_1]
refresh_hw_device [lindex [get_hw_devices xc7z010_1] 0]
open_bd_design {D:/zybo-z10_workspace/project_8/project_8.srcs/sources_1/bd/design_1/design_1.bd}
delete_bd_objs [get_bd_nets deneme23_0_led] [get_bd_cells deneme23_0]
delete_bd_objs [get_bd_ports led]
update_compile_order -fileset sources_1
validate_bd_design
make_wrapper -files [get_files D:/zybo-z10_workspace/project_8/project_8.srcs/sources_1/bd/design_1/design_1.bd] -top
export_ip_user_files -of_objects  [get_files D:/zybo-z10_workspace/project_8/project_8.srcs/sources_1/new/deneme23.vhd] -no_script -reset -force -quiet
remove_files  D:/zybo-z10_workspace/project_8/project_8.srcs/sources_1/new/deneme23.vhd
file delete -force D:/zybo-z10_workspace/project_8/project_8.srcs/sources_1/new/deneme23.vhd
close [ open D:/zybo-z10_workspace/project_8/project_8.srcs/sources_1/new/ledControler.vhd w ]
add_files D:/zybo-z10_workspace/project_8/project_8.srcs/sources_1/new/ledControler.vhd
update_compile_order -fileset sources_1
open_bd_design {D:/zybo-z10_workspace/project_8/project_8.srcs/sources_1/bd/design_1/design_1.bd}
create_bd_cell -type module -reference ledControler ledControler_0
startgroup
make_bd_pins_external  [get_bd_pins ledControler_0/led]
endgroup
validate_bd_design
make_wrapper -files [get_files D:/zybo-z10_workspace/project_8/project_8.srcs/sources_1/bd/design_1/design_1.bd] -top
update_compile_order -fileset sources_1
reset_run synth_1
launch_runs synth_1 -jobs 4
wait_on_run synth_1
set_property location {-50 251} [get_bd_ports reset_rtl]
set_property location {-418 320} [get_bd_ports reset_rtl]
set_property location {1.5 97 134} [get_bd_cells ledControler_0]
set_property location {1.5 201 -25} [get_bd_cells ledControler_0]
set_property location {256 265} [get_bd_ports reset_rtl]
set_property location {118 199} [get_bd_ports reset_rtl]
set_property location {158 194} [get_bd_ports reset_rtl]
set_property location {-261 220} [get_bd_ports reset_rtl]
save_bd_design
launch_runs impl_1 -jobs 4
wait_on_run impl_1
set_property location {-383 245} [get_bd_ports reset_rtl]
save_bd_design
launch_runs impl_1 -to_step write_bitstream -jobs 4
wait_on_run impl_1
set_property name led [get_bd_ports led_0]
validate_bd_design
make_wrapper -files [get_files D:/zybo-z10_workspace/project_8/project_8.srcs/sources_1/bd/design_1/design_1.bd] -top
reset_run synth_1
launch_runs synth_1 -jobs 4
wait_on_run synth_1
launch_runs impl_1 -jobs 4
wait_on_run impl_1
launch_runs impl_1 -to_step write_bitstream -jobs 4
wait_on_run impl_1
set_property PROBES.FILE {} [get_hw_devices xc7z010_1]
set_property FULL_PROBES.FILE {} [get_hw_devices xc7z010_1]
set_property PROGRAM.FILE {D:/zybo-z10_workspace/project_8/project_8.runs/impl_1/design_1_wrapper.bit} [get_hw_devices xc7z010_1]
program_hw_devices [get_hw_devices xc7z010_1]
refresh_hw_device [lindex [get_hw_devices xc7z010_1] 0]
open_bd_design {D:/zybo-z10_workspace/project_8/project_8.srcs/sources_1/bd/design_1/design_1.bd}
update_module_reference design_1_ledControler_0_0
validate_bd_design
make_wrapper -files [get_files D:/zybo-z10_workspace/project_8/project_8.srcs/sources_1/bd/design_1/design_1.bd] -top
reset_run synth_1
launch_runs synth_1 -jobs 4
wait_on_run synth_1
launch_runs impl_1 -jobs 4
wait_on_run impl_1
launch_runs impl_1 -to_step write_bitstream -jobs 4
wait_on_run impl_1
set_property PROBES.FILE {} [get_hw_devices xc7z010_1]
set_property FULL_PROBES.FILE {} [get_hw_devices xc7z010_1]
set_property PROGRAM.FILE {D:/zybo-z10_workspace/project_8/project_8.runs/impl_1/design_1_wrapper.bit} [get_hw_devices xc7z010_1]
program_hw_devices [get_hw_devices xc7z010_1]
refresh_hw_device [lindex [get_hw_devices xc7z010_1] 0]
open_bd_design {D:/zybo-z10_workspace/project_8/project_8.srcs/sources_1/bd/design_1/design_1.bd}
set_property is_enabled true [get_files  D:/zybo-z10_workspace/project_8/project_8.srcs/sources_1/new/buttons.vhd]
update_compile_order -fileset sources_1
create_bd_cell -type module -reference buttons buttons_0
update_module_reference design_1_buttons_0_0
update_compile_order -fileset sources_1
validate_bd_design
make_wrapper -files [get_files D:/zybo-z10_workspace/project_8/project_8.srcs/sources_1/bd/design_1/design_1.bd] -top
reset_run synth_1
launch_runs synth_1 -jobs 4
wait_on_run synth_1
launch_runs impl_1 -jobs 4
wait_on_run impl_1
launch_runs impl_1 -to_step write_bitstream -jobs 4
wait_on_run impl_1
set_property PROBES.FILE {} [get_hw_devices xc7z010_1]
set_property FULL_PROBES.FILE {} [get_hw_devices xc7z010_1]
set_property PROGRAM.FILE {D:/zybo-z10_workspace/project_8/project_8.runs/impl_1/design_1_wrapper.bit} [get_hw_devices xc7z010_1]
program_hw_devices [get_hw_devices xc7z010_1]
refresh_hw_device [lindex [get_hw_devices xc7z010_1] 0]
open_bd_design {D:/zybo-z10_workspace/project_8/project_8.srcs/sources_1/bd/design_1/design_1.bd}
startgroup
make_bd_pins_external  [get_bd_pins buttons_0/led]
endgroup
delete_bd_objs [get_bd_nets buttons_0_led] [get_bd_ports led_0]
set_property location {47 -213} [get_bd_intf_ports FIXED_IO]
set_property location {205 -226} [get_bd_intf_ports DDR]
set_property location {-177 -194} [get_bd_ports led]
update_module_reference design_1_buttons_0_0
startgroup
make_bd_pins_external  [get_bd_pins buttons_0/btn]
endgroup
connect_bd_net [get_bd_pins buttons_0/getButton] [get_bd_pins ledControler_0/setLed]
update_module_reference design_1_ledControler_0_0
set_property name btn [get_bd_ports btn_0]
save_bd_design
reset_run synth_1
launch_runs synth_1 -jobs 4
wait_on_run synth_1
reset_run design_1_ledControler_0_0_synth_1
update_module_reference design_1_buttons_0_0
validate_bd_design
make_wrapper -files [get_files D:/zybo-z10_workspace/project_8/project_8.srcs/sources_1/bd/design_1/design_1.bd] -top
reset_run synth_1
launch_runs synth_1 -jobs 4
wait_on_run synth_1
launch_runs impl_1 -jobs 4
wait_on_run impl_1
launch_runs impl_1 -to_step write_bitstream -jobs 4
wait_on_run impl_1
set_property PROBES.FILE {} [get_hw_devices xc7z010_1]
set_property FULL_PROBES.FILE {} [get_hw_devices xc7z010_1]
set_property PROGRAM.FILE {D:/zybo-z10_workspace/project_8/project_8.runs/impl_1/design_1_wrapper.bit} [get_hw_devices xc7z010_1]
program_hw_devices [get_hw_devices xc7z010_1]
refresh_hw_device [lindex [get_hw_devices xc7z010_1] 0]
open_bd_design {D:/zybo-z10_workspace/project_8/project_8.srcs/sources_1/bd/design_1/design_1.bd}
update_module_reference design_1_ledControler_0_0
update_module_reference design_1_buttons_0_0
update_module_reference design_1_ledControler_0_0
open_bd_design {D:/zybo-z10_workspace/project_8/project_8.srcs/sources_1/bd/design_1/design_1.bd}
validate_bd_design
make_wrapper -files [get_files D:/zybo-z10_workspace/project_8/project_8.srcs/sources_1/bd/design_1/design_1.bd] -top
reset_run synth_1
launch_runs synth_1 -jobs 4
wait_on_run synth_1
launch_runs impl_1 -jobs 4
wait_on_run impl_1
launch_runs impl_1 -to_step write_bitstream -jobs 4
wait_on_run impl_1
set_property PROBES.FILE {} [get_hw_devices xc7z010_1]
set_property FULL_PROBES.FILE {} [get_hw_devices xc7z010_1]
set_property PROGRAM.FILE {D:/zybo-z10_workspace/project_8/project_8.runs/impl_1/design_1_wrapper.bit} [get_hw_devices xc7z010_1]
program_hw_devices [get_hw_devices xc7z010_1]
refresh_hw_device [lindex [get_hw_devices xc7z010_1] 0]
update_module_reference design_1_ledControler_0_0
open_bd_design {D:/zybo-z10_workspace/project_8/project_8.srcs/sources_1/bd/design_1/design_1.bd}
validate_bd_design -force
make_wrapper -files [get_files D:/zybo-z10_workspace/project_8/project_8.srcs/sources_1/bd/design_1/design_1.bd] -top
reset_run synth_1
launch_runs synth_1 -jobs 4
wait_on_run synth_1
launch_runs impl_1 -jobs 4
wait_on_run impl_1
launch_runs impl_1 -to_step write_bitstream -jobs 4
wait_on_run impl_1
set_property PROBES.FILE {} [get_hw_devices xc7z010_1]
set_property FULL_PROBES.FILE {} [get_hw_devices xc7z010_1]
set_property PROGRAM.FILE {D:/zybo-z10_workspace/project_8/project_8.runs/impl_1/design_1_wrapper.bit} [get_hw_devices xc7z010_1]
program_hw_devices [get_hw_devices xc7z010_1]
refresh_hw_device [lindex [get_hw_devices xc7z010_1] 0]
open_bd_design {D:/zybo-z10_workspace/project_8/project_8.srcs/sources_1/bd/design_1/design_1.bd}
create_ip_run [get_files -of_objects [get_fileset sources_1] D:/zybo-z10_workspace/project_8/project_8.srcs/sources_1/bd/design_1/design_1.bd]
refresh_design
create_ip_run [get_files -of_objects [get_fileset sources_1] D:/zybo-z10_workspace/project_8/project_8.srcs/sources_1/bd/design_1/design_1.bd]
refresh_design
open_bd_design {D:/zybo-z10_workspace/project_8/project_8.srcs/sources_1/bd/design_1/design_1.bd}
update_module_reference design_1_buttons_0_0
reset_run synth_1
launch_runs synth_1 -jobs 4
wait_on_run synth_1
launch_runs impl_1 -jobs 4
wait_on_run impl_1
launch_runs impl_1 -to_step write_bitstream -jobs 4
wait_on_run impl_1
set_property PROBES.FILE {} [get_hw_devices xc7z010_1]
set_property FULL_PROBES.FILE {} [get_hw_devices xc7z010_1]
set_property PROGRAM.FILE {D:/zybo-z10_workspace/project_8/project_8.runs/impl_1/design_1_wrapper.bit} [get_hw_devices xc7z010_1]
program_hw_devices [get_hw_devices xc7z010_1]
refresh_hw_device [lindex [get_hw_devices xc7z010_1] 0]
update_module_reference design_1_buttons_0_0
delete_bd_objs [get_bd_nets buttons_0_getButton] [get_bd_nets btn_0_1] [get_bd_cells buttons_0]
delete_bd_objs [get_bd_ports btn]
update_compile_order -fileset sources_1
validate_bd_design
make_wrapper -files [get_files D:/zybo-z10_workspace/project_8/project_8.srcs/sources_1/bd/design_1/design_1.bd] -top
update_module_reference design_1_ledControler_0_0
open_bd_design {D:/zybo-z10_workspace/project_8/project_8.srcs/sources_1/bd/design_1/design_1.bd}
create_bd_cell -type module -reference buttons buttons_0
validate_bd_design
make_wrapper -files [get_files D:/zybo-z10_workspace/project_8/project_8.srcs/sources_1/bd/design_1/design_1.bd] -top
update_compile_order -fileset sources_1
startgroup
make_bd_pins_external  [get_bd_pins buttons_0/btn]
endgroup
startgroup
connect_bd_net [get_bd_pins buttons_0/getButton] [get_bd_pins ledControler_0/setLed]
endgroup
save_bd_design
validate_bd_design
make_wrapper -files [get_files D:/zybo-z10_workspace/project_8/project_8.srcs/sources_1/bd/design_1/design_1.bd] -top
reset_run synth_1
launch_runs synth_1 -jobs 4
wait_on_run synth_1
set_property name btn [get_bd_ports btn_0]
validate_bd_design
make_wrapper -files [get_files D:/zybo-z10_workspace/project_8/project_8.srcs/sources_1/bd/design_1/design_1.bd] -top
update_module_reference design_1_buttons_0_0
validate_bd_design
make_wrapper -files [get_files D:/zybo-z10_workspace/project_8/project_8.srcs/sources_1/bd/design_1/design_1.bd] -top
make_wrapper -files [get_files D:/zybo-z10_workspace/project_8/project_8.srcs/sources_1/bd/design_1/design_1.bd] -top
reset_run synth_1
launch_runs synth_1 -jobs 4
wait_on_run synth_1
launch_runs impl_1 -jobs 4
wait_on_run impl_1
launch_runs impl_1 -to_step write_bitstream -jobs 4
wait_on_run impl_1
set_property PROBES.FILE {} [get_hw_devices xc7z010_1]
set_property FULL_PROBES.FILE {} [get_hw_devices xc7z010_1]
set_property PROGRAM.FILE {D:/zybo-z10_workspace/project_8/project_8.runs/impl_1/design_1_wrapper.bit} [get_hw_devices xc7z010_1]
program_hw_devices [get_hw_devices xc7z010_1]
refresh_hw_device [lindex [get_hw_devices xc7z010_1] 0]
set_property PROBES.FILE {} [get_hw_devices xc7z010_1]
set_property FULL_PROBES.FILE {} [get_hw_devices xc7z010_1]
set_property PROGRAM.FILE {D:/zybo-z10_workspace/project_8/project_8.runs/impl_1/design_1_wrapper.bit} [get_hw_devices xc7z010_1]
program_hw_devices [get_hw_devices xc7z010_1]
refresh_hw_device [lindex [get_hw_devices xc7z010_1] 0]
open_bd_design {D:/zybo-z10_workspace/project_8/project_8.srcs/sources_1/bd/design_1/design_1.bd}
update_module_reference design_1_buttons_0_0
validate_bd_design
make_wrapper -files [get_files D:/zybo-z10_workspace/project_8/project_8.srcs/sources_1/bd/design_1/design_1.bd] -top
reset_run synth_1
launch_runs synth_1 -jobs 4
wait_on_run synth_1
launch_runs impl_1 -jobs 4
wait_on_run impl_1
launch_runs impl_1 -to_step write_bitstream -jobs 4
wait_on_run impl_1
set_property PROBES.FILE {} [get_hw_devices xc7z010_1]
set_property FULL_PROBES.FILE {} [get_hw_devices xc7z010_1]
set_property PROGRAM.FILE {D:/zybo-z10_workspace/project_8/project_8.runs/impl_1/design_1_wrapper.bit} [get_hw_devices xc7z010_1]
program_hw_devices [get_hw_devices xc7z010_1]
refresh_hw_device [lindex [get_hw_devices xc7z010_1] 0]
create_ip_run [get_files -of_objects [get_fileset sources_1] D:/zybo-z10_workspace/project_8/project_8.srcs/sources_1/bd/design_1/design_1.bd]
refresh_design
open_run impl_1
set_property PROBES.FILE {} [get_hw_devices xc7z010_1]
set_property FULL_PROBES.FILE {} [get_hw_devices xc7z010_1]
set_property PROGRAM.FILE {D:/zybo-z10_workspace/project_8/project_8.runs/impl_1/design_1_wrapper.bit} [get_hw_devices xc7z010_1]
program_hw_devices [get_hw_devices xc7z010_1]
refresh_hw_device [lindex [get_hw_devices xc7z010_1] 0]
open_bd_design {D:/zybo-z10_workspace/project_8/project_8.srcs/sources_1/bd/design_1/design_1.bd}
delete_bd_objs [get_bd_nets buttons_0_getButton] [get_bd_nets ledControler_0_led] [get_bd_cells ledControler_0]
update_compile_order -fileset sources_1
create_bd_cell -type module -reference ledControler ledControler_0
delete_bd_objs [get_bd_ports led]
startgroup
make_bd_pins_external  [get_bd_pins ledControler_0/led]
endgroup
set_property name led [get_bd_ports led_0]
connect_bd_net [get_bd_pins ledControler_0/setLed] [get_bd_pins buttons_0/getButton]
validate_bd_design
make_wrapper -files [get_files D:/zybo-z10_workspace/project_8/project_8.srcs/sources_1/bd/design_1/design_1.bd] -top
update_compile_order -fileset sources_1
reset_run synth_1
launch_runs synth_1 -jobs 4
wait_on_run synth_1
launch_runs impl_1 -jobs 4
wait_on_run impl_1
launch_runs impl_1 -to_step write_bitstream -jobs 4
wait_on_run impl_1
set_property PROBES.FILE {} [get_hw_devices xc7z010_1]
set_property FULL_PROBES.FILE {} [get_hw_devices xc7z010_1]
set_property PROGRAM.FILE {D:/zybo-z10_workspace/project_8/project_8.runs/impl_1/design_1_wrapper.bit} [get_hw_devices xc7z010_1]
program_hw_devices [get_hw_devices xc7z010_1]
refresh_hw_device [lindex [get_hw_devices xc7z010_1] 0]
