Copyright 1986-2019 Xilinx, Inc. All Rights Reserved.
--------------------------------------------------------------------------------------
| Tool Version : Vivado v.2019.1.1 (win64) Build 2580384 Sat Jun 29 08:12:21 MDT 2019
| Date         : Mon Aug 26 00:30:56 2019
| Host         : DESKTOP-254I58R running 64-bit major release  (build 9200)
| Command      : report_control_sets -verbose -file CanMaster_control_sets_placed.rpt
| Design       : CanMaster
| Device       : xc7z010
--------------------------------------------------------------------------------------

Control Set Information

Table of Contents
-----------------
1. Summary
2. Histogram
3. Flip-Flop Distribution
4. Detailed Control Set Information

1. Summary
----------

+----------------------------------------------------------+-------+
|                          Status                          | Count |
+----------------------------------------------------------+-------+
| Total control sets                                       |    22 |
|    Minimum number of control sets                        |    22 |
|    Addition due to synthesis replication                 |     0 |
|    Addition due to physical synthesis replication        |     0 |
| Unused register locations in slices containing registers |    60 |
+----------------------------------------------------------+-------+
* Control sets can be merged at opt_design using control_set_merge or merge_equivalent_drivers
** Run report_qor_suggestions for automated merging and remapping suggestions


2. Histogram
------------

+--------------------+-------+
|       Fanout       | Count |
+--------------------+-------+
| Total control sets |    22 |
| >= 0 to < 4        |     2 |
| >= 4 to < 6        |     8 |
| >= 6 to < 8        |     2 |
| >= 8 to < 10       |     1 |
| >= 10 to < 12      |     0 |
| >= 12 to < 14      |     0 |
| >= 14 to < 16      |     1 |
| >= 16              |     8 |
+--------------------+-------+
* Control sets can be remapped at either synth_design or opt_design


3. Flip-Flop Distribution
-------------------------

+--------------+-----------------------+------------------------+-----------------+--------------+
| Clock Enable | Synchronous Set/Reset | Asynchronous Set/Reset | Total Registers | Total Slices |
+--------------+-----------------------+------------------------+-----------------+--------------+
| No           | No                    | No                     |              54 |           33 |
| No           | No                    | Yes                    |               0 |            0 |
| No           | Yes                   | No                     |              32 |            8 |
| Yes          | No                    | No                     |              87 |           44 |
| Yes          | No                    | Yes                    |               0 |            0 |
| Yes          | Yes                   | No                     |             159 |           51 |
+--------------+-----------------------+------------------------+-----------------+--------------+


4. Detailed Control Set Information
-----------------------------------

+------------------------+------------------------------------------------------+---------------------------------------------------+------------------+----------------+
|      Clock Signal      |                     Enable Signal                    |                  Set/Reset Signal                 | Slice Load Count | Bel Load Count |
+------------------------+------------------------------------------------------+---------------------------------------------------+------------------+----------------+
|  clk_wiz/inst/clk_out1 | BSP/BTL/sig_RxBit_i_1_n_0                            |                                                   |                1 |              1 |
|  clk_wiz/inst/clk_out1 | BSP/BTL/sig_TxPin_i_2_n_0                            | BSP/BTL/sig_TxPin                                 |                1 |              1 |
|  sys_clock_IBUF        | BSP/sig_transmitPackage_reg[Data][3]0                |                                                   |                3 |              4 |
|  clk_wiz/inst/clk_out1 | BSP/leds[3]_i_1_n_0                                  |                                                   |                1 |              4 |
|  clk_wiz/inst/clk_out1 | BSP/transmitFrame[StdId]                             |                                                   |                3 |              4 |
|  clk_wiz/inst/clk_out1 | BSP/BTL/receiveFrameEnum_reg[2][0]                   |                                                   |                3 |              4 |
|  clk_wiz/inst/clk_out1 | BSP/BTL/FSM_sequential_transmitFrameEnum_reg[0]_0    |                                                   |                3 |              4 |
|  clk_wiz/inst/clk_out1 | BSP/BTL/receiveFrameEnum_reg[3]                      |                                                   |                4 |              4 |
|  clk_wiz/inst/clk_out1 | BSP/BTL/FSM_sequential_transmitFrameEnum_reg[3]_0[0] |                                                   |                1 |              4 |
|  clk_wiz/inst/clk_out1 | BSP/BTL/E[0]                                         |                                                   |                3 |              4 |
|  sys_clock_IBUF        |                                                      |                                                   |                3 |              7 |
|  clk_wiz/inst/clk_out1 | BSP/BTL/FSM_sequential_transmitFrameEnum_reg[0]_1    |                                                   |                3 |              7 |
|  clk_wiz/inst/clk_out1 | BSP/BTL/FSM_sequential_transmitFrameEnum_reg[0]_1    | BSP/BTL/FSM_sequential_transmitFrameEnum_reg[2]_0 |                3 |              8 |
|  clk_wiz/inst/clk_out1 | BSP/BTL/receiveFrameEnum_reg[1]_3[0]                 |                                                   |                5 |             15 |
|  clk_wiz/inst/clk_out1 | BSP/BTL/FSM_sequential_transmitFrameEnum_reg[0]_0    | BSP/BTL/FSM_sequential_transmitFrameEnum_reg[0]   |               14 |             28 |
|  clk_wiz/inst/clk_out1 | BSP/BTL/receiveFrameEnum_reg[3]                      | BSP/BTL/receiveFrameEnum_reg[0]                   |                8 |             28 |
|  clk_wiz/inst/clk_out1 | BSP/BTL/receiveFrameEnum_reg[1]_2                    | BSP/BTL/receiveFrameEnum_reg[1]_0                 |                8 |             31 |
|  clk_wiz/inst/clk_out1 | BSP/BTL/startTransmit_reg                            | BSP/BTL/FSM_sequential_transmitFrameEnum_reg[1]   |                9 |             31 |
|  clk_wiz/inst/clk_out1 |                                                      | BSP/BTL/timeQuantaCounter[0]_i_1_n_0              |                8 |             32 |
|  clk_wiz/inst/clk_out1 | BSP/BTL/receiveFrameEnum_reg[1]_4[0]                 |                                                   |               14 |             32 |
|  clk_wiz/inst/clk_out1 | BSP/BTL/FSM_sequential_transmitFrameEnum_reg[1]_0    | BSP/BTL/FSM_sequential_transmitFrameEnum_reg[2]   |                8 |             32 |
|  clk_wiz/inst/clk_out1 |                                                      |                                                   |               30 |             47 |
+------------------------+------------------------------------------------------+---------------------------------------------------+------------------+----------------+


