#-----------------------------------------------------------
# Vivado v2018.3 (64-bit)
# SW Build 2405991 on Thu Dec  6 23:38:27 MST 2018
# IP Build 2404404 on Fri Dec  7 01:43:56 MST 2018
# Start of session at: Tue Jun  4 22:38:50 2019
# Process ID: 9432
# Current directory: C:/Users/yildi/Desktop/Uart
# Command line: vivado.exe -gui_launcher_event rodinguilauncherevent2532 C:\Users\yildi\Desktop\Uart\Uart.xpr
# Log file: C:/Users/yildi/Desktop/Uart/vivado.log
# Journal file: C:/Users/yildi/Desktop/Uart\vivado.jou
#-----------------------------------------------------------
start_gui
open_project C:/Users/yildi/Desktop/Uart/Uart.xpr
update_compile_order -fileset sources_1
reset_run synth_1
launch_runs synth_1 -jobs 2
wait_on_run synth_1
launch_runs impl_1 -jobs 2
wait_on_run impl_1
update_compile_order -fileset sources_1
update_compile_order -fileset sources_1
# Disabling source management mode.  This is to allow the top design properties to be set without GUI intervention.
set_property source_mgmt_mode None [current_project]
set_property top UartReceiver [current_fileset]
# Re-enabling previously disabled source management mode.
set_property source_mgmt_mode All [current_project]
update_compile_order -fileset sources_1
reset_run synth_1
launch_runs synth_1 -jobs 2
wait_on_run synth_1
launch_runs impl_1 -jobs 2
wait_on_run impl_1
launch_runs impl_1 -to_step write_bitstream -jobs 2
wait_on_run impl_1
update_compile_order -fileset sources_1
# Disabling source management mode.  This is to allow the top design properties to be set without GUI intervention.
set_property source_mgmt_mode None [current_project]
set_property top UartReceiver [current_fileset]
# Re-enabling previously disabled source management mode.
set_property source_mgmt_mode All [current_project]
update_compile_order -fileset sources_1
reset_run synth_1
launch_runs synth_1 -jobs 2
wait_on_run synth_1
launch_runs impl_1 -jobs 2
wait_on_run impl_1
reset_run synth_1
launch_runs synth_1 -jobs 2
wait_on_run synth_1
launch_runs impl_1 -jobs 2
wait_on_run impl_1
launch_simulation
source UartReceiver.tcl
create_fileset -blockset -define_from ClockDivider ClockDivider
file mkdir C:/Users/yildi/Desktop/Uart/Uart.srcs/ClockDivider/new
close [ open C:/Users/yildi/Desktop/Uart/Uart.srcs/ClockDivider/new/ClockDivider_ooc.xdc w ]
add_files -fileset ClockDivider C:/Users/yildi/Desktop/Uart/Uart.srcs/ClockDivider/new/ClockDivider_ooc.xdc
set data {# (c) Copyright 2014 Xilinx, Inc. All rights reserved.

# Add in a clock definition for each input clock to the out-of-context module.
# The module will be synthesized as top so reference the clock origin using get_ports.
# You will need to define a clock on each input clock port, no top level clock information
# is provided to the module when set as out-of-context.
# Here is an example:
# create_clock -name clk_200 -period 5 [get_ports clk]
}
set filename "C:/Users/yildi/Desktop/Uart/Uart.srcs/ClockDivider/new/ClockDivider_ooc.xdc"
set fileId [open $filename "w"]
puts -nonewline $fileId $data
close $fileId
set_property USED_IN {out_of_context synthesis implementation}  [get_files  C:/Users/yildi/Desktop/Uart/Uart.srcs/ClockDivider/new/ClockDivider_ooc.xdc]
reset_run synth_1
launch_runs synth_1 -jobs 2
wait_on_run synth_1
launch_runs impl_1 -jobs 2
wait_on_run impl_1
reset_run synth_1
launch_runs synth_1 -jobs 2
wait_on_run synth_1
reset_run synth_1
launch_runs synth_1 -jobs 2
wait_on_run synth_1
launch_runs impl_1 -jobs 2
wait_on_run impl_1
launch_runs impl_1 -to_step write_bitstream -jobs 2
wait_on_run impl_1
reset_run impl_1 -prev_step 
launch_runs impl_1 -to_step write_bitstream -jobs 2
wait_on_run impl_1
close_sim
